{
  "./node_modules/foo": {
    "": "lib/main"
  }
}
