{
  "./node_modules/depends-on-hasOwnProperty": {
    "hasOwnProperty": "."
  }
}
